// Jest Snapshot v1, https://goo.gl/fbAQLP

exports[`Should render App 1`] = `
Array [
  <div
    className="sc-AxjAm dDQxpm"
  >
    <h1
      className="sc-AxirZ dcXYlc"
    >
      Activiteiten
    </h1>
    <div
      className="sc-fzpans jZXEVy"
      onClick={[Function]}
      size={24}
    />
  </div>,
  <div>
    <label
      className="sc-AxhCb utPZu"
    />
    <input
      className="sc-AxiKw itmHMn"
      placeholder="Zoeken..."
      type="search"
    />
    <label
      className="sc-AxhUy dFFoKG"
      onClick={[Function]}
    />
  </div>,
  <div
    className="sc-fzoLsD fqEnxe"
  >
    <div>
      <a
        href="/login"
        onClick={[Function]}
      >
        <button>
          inloggen
        </button>
      </a>
    </div>
    <p>
      Lorem ipsum dolor sit amet consectetur adipisicing elit. Quam at dolor voluptates odio mollitia, aliquam totam consequatur sunt autem eaque, minima, quis cupiditate tempore quas facilis. Quisquam alias adipisci est.
    </p>
  </div>,
]
`;
